=== Bootstrap: Self-Hosted Compiler Compiles Itself ===

lexer.lux  : 6630 chars
  â 5 bytes, 101 constants, 10 names
parser.lux : 16552 chars
  â 5 bytes, 471 constants, 41 names
checker.lux: 23470 chars
  â 5 bytes, 361 constants, 28 names
codegen.lux: 24100 chars
  â 5 bytes, 589 constants, 98 names

=== All four modules compiled ===
