=== Pure functions ===
add(2, 3) = 5
double(21) = 42

=== Negation-constrained function ===
[log] computing: 21
safe_compute(21) = 43

=== Transitive constraint propagation ===
[log] computing: 5
[log] computing: 11
[log] pipeline result: 23
pipeline(5) = 23

=== Effect Subtraction ===
[log] sub_safe: 10
sub_safe(10) = 21

Full effect algebra: + (union), - (subtraction), ! (negation), Pure (empty).
Missing: & (intersection) â requires effect row variables in surface syntax.
