Hello from Lux v2!
a + b = 13
a * b = 30
a / b = 3
a % b = 1
flag is true
not flag is false
a > b: true
Score 75 -> grade B
square(7) = 49
abs(-42) = 42
4^2 + 5^2 = 41
Full name: Alice Wonder
-5 is negative
0 is zero
42 is positive
List has 3 items, first element would need pattern matching to extract
Done.
