=== Progressive Levels Demo ===

add(2, 3) = 5
double(7) = 14
Hello, World!

multiply(4, 5) = 20
positive

safe_add(10, 20) = 30
adding 3 + 4
loud_add result = 7

=== What the compiler knows ===
Run with --teach to see what the compiler inferred!
Every function above has a complete type + effect signature.
The compiler proves properties you didn't even ask for.
