=== Record Construction ===Alice: Alice, age 30Bob: Bob, age 25=== Record Patterns ===Alice is 30+Bob is 25=== Shape Areas ===Circle area: 78.53975Rect area: 12=== List Patterns ===emptyjust 421, 2 and 3 more=== Or-Patterns ===Red primary? trueGreen primary? falseBlue primary? truePurple primary? falseRecords, list patterns, and or-patterns: clarity through structure.